{
  "frr-pathd:pathd": {
    "srte": {
      "policy": [
        {
          "color": 1,
          "endpoint": "6.6.6.6",
          "is-operational": false,
          "candidate-path": [
            {
              "protocol-origin": "local",
              "originator": "config",
              "discriminator": 1,
              "is-best-candidate-path": true
            }
          ]
        }
      ]
    }
  }
}
